// Jest Snapshot v1, https://goo.gl/fbAQLP

exports[`should render Header correctly 1`] = `
<div>
  <div
    className="navbar navbar-expand-lg"
  >
    <Link
      className="navbar-brand mr-auto"
      exact={true}
      replace={false}
      to="/"
    >
      <img
        height="80"
        src="/images/StockXLogo.png"
        width="150"
      />
    </Link>
    <NavLink
      activeClassName="is-active"
      ariaCurrent="true"
      exact={true}
      to="/create"
    >
      Browse
    </NavLink>
    <NavLink
      activeClassName="is-active"
      ariaCurrent="true"
      exact={true}
      to="/help"
    >
      News
    </NavLink>
    <NavLink
      activeClassName="is-active"
      ariaCurrent="true"
      exact={true}
      to="/help"
    >
      App
    </NavLink>
    <NavLink
      activeClassName="is-active"
      ariaCurrent="true"
      exact={true}
      to="/help"
    >
      Portfolio
    </NavLink>
    <NavLink
      activeClassName="is-active"
      ariaCurrent="true"
      exact={true}
      to="/help"
    >
      About
    </NavLink>
    <NavLink
      activeClassName="is-active"
      ariaCurrent="true"
      exact={true}
      to="/help"
    >
      Help
    </NavLink>
    <NavLink
      activeClassName="is-active"
      ariaCurrent="true"
      exact={true}
      to="/help"
    >
      Login
    </NavLink>
    <NavLink
      activeClassName="is-active"
      ariaCurrent="true"
      exact={true}
      to="/help"
    >
      Sign Up
    </NavLink>
    <NavLink
      activeClassName="is-active"
      ariaCurrent="true"
      exact={true}
      to="/help"
    >
      Sell
    </NavLink>
  </div>
</div>
`;
